npm warn Unknown project config "shamefully-hoist". This will stop working in the next major version of npm.
lib/types/i18n.ts(531,5): error TS1128: Declaration or statement expected.
lib/types/i18n.ts(531,11): error TS1128: Declaration or statement expected.
lib/types/i18n.ts(572,5): error TS1128: Declaration or statement expected.
lib/types/i18n.ts(572,11): error TS1128: Declaration or statement expected.
lib/types/i18n.ts(930,6): error TS1109: Expression expected.
lib/types/i18n.ts(969,9): error TS1109: Expression expected.
lib/types/i18n.ts(1108,5): error TS1128: Declaration or statement expected.
lib/types/i18n.ts(1108,12): error TS1128: Declaration or statement expected.
lib/types/i18n.ts(1271,11): error TS1109: Expression expected.
lib/types/i18n.ts(1737,8): error TS1109: Expression expected.
lib/types/i18n.ts(1770,6): error TS1109: Expression expected.
lib/types/i18n.ts(2413,6): error TS1005: ';' expected.
lib/types/i18n.ts(2414,6): error TS1005: ';' expected.
lib/types/i18n.ts(2415,6): error TS1005: ';' expected.
lib/types/i18n.ts(2416,6): error TS1005: ';' expected.
lib/types/i18n.ts(2417,6): error TS1005: ';' expected.
lib/types/i18n.ts(2754,4): error TS1109: Expression expected.
